// Jest Snapshot v1, https://goo.gl/fbAQLP

exports[`(firebutton) increments player 1 score 1`] = `
<div
  className="App"
>
  <header
    className="App-header"
  >
    <img
      alt="logo"
      className="App-logo"
      src="logo.svg"
    />
  </header>
  <p>
    Scores
  </p>
  <div
    className="scoreboard"
  >
    <p>
      Player 
      1
      : 
      0
    </p>
    <p>
      Player 
      2
      : 
      0
    </p>
  </div>
  <button
    className="fire-button"
    onClick={[Function]}
  >
    Fire!
  </button>
</div>
`;
